Microchip MPLAB XC8 Compiler V2.31

Linker command line:

-W-3 --edf=C:\Program Files\Microchip\xc8\v2.31\pic\dat\en_msgs.txt -cn \
  -h+dist/default/production\beginning_and_end_of_the_sentenc.X.production.sym \
  --cmf=dist/default/production\beginning_and_end_of_the_sentenc.X.production.cmf \
  -z -Q16F15345 -oC:\Users\C63576\AppData\Local\Temp\smps.2 \
  --defsym=__MPLAB_BUILD=1 \
  -Mdist/default/production/beginning_and_end_of_the_sentenc.X.production.map \
  -E1 -ver=XC8 Compiler --acfsm=1493 -ASTACK=02190h-023EFh -pstack=STACK \
  -ACODE=00h-07FFhx4 -ASTRCODE=00h-01FFFh -ASTRING=00h-0FFhx32 \
  -ACONST=00h-0FFhx32 -AENTRY=00h-0FFhx32 -ACOMMON=070h-07Fh \
  -ABANK0=020h-06Fh -ABANK1=0A0h-0EFh -ABANK2=0120h-016Fh \
  -ABANK3=01A0h-01EFh -ABANK4=0220h-026Fh -ABANK5=02A0h-02EFh \
  -ABANK6=0320h-036Fh -ABANK7=03A0h-03EFh -ABANK8=0420h-046Fh \
  -ABANK9=04A0h-04EFh -ABANK10=0520h-056Fh -ABANK11=05A0h-05EFh \
  -ABANK12=0620h-064Fh -ABIGRAM=02000h-023EFh \
  -ARAM=020h-06Fh,0A0h-0EFh,0120h-016Fh,01A0h-01EFh,0220h-026Fh,02A0h-02EFh,0320h-036Fh,03A0h-03EFh,0420h-046Fh,04A0h-04EFh,0520h-056Fh,05A0h-05EFh,0620h-064Fh \
  -AABS1=020h-07Fh,0A0h-0EFh,0120h-016Fh,01A0h-01EFh,0220h-026Fh,02A0h-02EFh,0320h-036Fh,03A0h-03EFh,0420h-046Fh,04A0h-04EFh,0520h-056Fh,05A0h-05EFh,0620h-064Fh \
  -ASFR0=00h-01Fh -ASFR1=080h-09Fh -ASFR2=0100h-011Fh -ASFR3=0180h-019Fh \
  -ASFR4=0200h-021Fh -ASFR5=0280h-029Fh -ASFR6=0300h-031Fh \
  -ASFR7=0380h-039Fh -ASFR8=0400h-041Fh -ASFR9=0480h-049Fh \
  -ASFR10=0500h-051Fh -ASFR11=0580h-059Fh -ASFR12=0600h-061Fh \
  -ASFR13=0680h-06EFh -ASFR14=0700h-076Fh -ASFR15=0780h-07EFh \
  -ASFR16=0800h-086Fh -ASFR17=0880h-08EFh -ASFR18=0900h-096Fh \
  -ASFR19=0980h-09EFh -ASFR20=0A00h-0A6Fh -ASFR21=0A80h-0AEFh \
  -ASFR22=0B00h-0B6Fh -ASFR23=0B80h-0BEFh -ASFR24=0C00h-0C6Fh \
  -ASFR25=0C80h-0CEFh -ASFR26=0D00h-0D6Fh -ASFR27=0D80h-0DEFh \
  -ASFR28=0E00h-0E6Fh -ASFR29=0E80h-0EEFh -ASFR30=0F00h-0F6Fh \
  -ASFR31=0F80h-0FEFh -ASFR32=01000h-0106Fh -ASFR33=01080h-010EFh \
  -ASFR34=01100h-0116Fh -ASFR35=01180h-011EFh -ASFR36=01200h-0126Fh \
  -ASFR37=01280h-012EFh -ASFR38=01300h-0136Fh -ASFR39=01380h-013EFh \
  -ASFR40=01400h-0146Fh -ASFR41=01480h-014EFh -ASFR42=01500h-0156Fh \
  -ASFR43=01580h-015EFh -ASFR44=01600h-0166Fh -ASFR45=01680h-016EFh \
  -ASFR46=01700h-0176Fh -ASFR47=01780h-017EFh -ASFR48=01800h-0186Fh \
  -ASFR49=01880h-018EFh -ASFR50=01900h-0196Fh -ASFR51=01980h-019EFh \
  -ASFR52=01A00h-01A6Fh -ASFR53=01A80h-01AEFh -ASFR54=01B00h-01B6Fh \
  -ASFR55=01B80h-01BEFh -ASFR56=01C00h-01C6Fh -ASFR57=01C80h-01CEFh \
  -ASFR58=01D00h-01D6Fh -ASFR59=01D80h-01DEFh -ASFR60=01E00h-01E6Fh \
  -ASFR61=01E80h-01EEFh -ASFR62=01F00h-01F6Fh -ASFR63=01F80h-01FEFh \
  -ACONFIG=08007h-0800Bh -DCONFIG=2 -AIDLOC=08000h-08003h -DIDLOC=2 \
  -DCODE=2 -DSTRCODE=2 -DSTRING=2 -DCONST=2 -DENTRY=2 \
  -preset_vec=00h,intentry,init,end_init -ppowerup=CODE -pcinit=CODE \
  -pfunctab=ENTRY -k C:\Users\C63576\AppData\Local\Temp\smps.o \
  dist/default/production\beginning_and_end_of_the_sentenc.X.production.o 

Object code version is 3.11

Machine type is 16F15345



                Name                               Link     Load   Length Selector   Space Scale
C:\Users\C63576\AppData\Local\Temp\smps.o
                end_init                              2        2        2        0       0
                reset_vec                             0        0        2        0       0
                config                             8007     8007        5        0       4
dist/default/production\beginning_and_end_of_the_sentenc.X.production.o
                cinit                               7D5      7D5       2B      FAA       0
                config                             8007     8007        5        0       4
                text34                              E20      E20       10     1C40       0
                text33                              DC8      DC8        6     1B90       0
                text32                              DCE      DCE        6     1B9C       0
                text31                              DD4      DD4        6     1BA8       0
                text30                              F20      F20       22     1E40       0
                text29                              DDA      DDA        6     1BB4       0
                text28                              DE0      DE0        6     1BC0       0
                text27                              DE6      DE6        6     1BCC       0
                text26                              F42      F42       22     1E84       0
                text25                              E0C      E0C        A     1C18       0
                text24                              F64      F64       2B     1EC8       0
                text23                              E04      E04        8     1C08       0
                text22                                4        4       10        0       0
                text21                              E45      E45       18     1C8A       0
                text20                              EC1      EC1       1F     1D82       0
                text19                              E5D      E5D       18     1CBA       0
                text18                              EFF      EFF       21     1DFE       0
                text17                              168      168       AF      2D0       0
                text16                              E16      E16        A     1C2C       0
                text15                              DEC      DEC        6     1BD8       0
                text14                              FBA      FBA       46     1F74       0
                text13                               F4       F4       74      1E8       0
                text12                              3E4      3E4      101      7C8       0
                text11                              2FA      2FA       EA      5F4       0
                text10                              EA7      EA7       1A     1D4E       0
                text9                               F8F      F8F       2B     1F1E       0
                text8                               E75      E75       19     1CEA       0
                text7                                95       95       5F      12A       0
                text6                               4E5      4E5      16E      9CA       0
                text5                               653      653      182      CA6       0
                text4                                14       14       31       28       0
                text3                               E30      E30       15     1C60       0
                text2                               EE0      EE0       1F     1DC0       0
                text1                               E8E      E8E       19     1D1C       0
                maintext                            217      217       E3      42E       0
                cstackBANK0                          20       20       50       20       1
                cstackCOMMON                         70       70        E       70       1
                cstackBANK1                          CA       CA        F       A0       1
                cstackBANK2                         120      120       50      120       1
                cstackBANK3                         1B4      1B4       12      1A0       1
                clrtext                             DF2      DF2        6     1BE4       0
                inittext                            DF8      DF8        6     1BF0       0
                dataBANK4                           220      220       50      220       1
                bssBANK3                            1A0      1A0       14      1A0       1
                dataBANK1                            E5       E5        6       A0       1
                bssBANK1                             A0       A0       2A       A0       1
                stringtext2                        1017     1017        B     2000       0
                stringtext1                        1000     1000       17     2000       0
                nvBANK1                              D9       D9        C       A0       1
                idataBANK4                           45       45       50       8A       0
                idataBANK1                          DFE      DFE        6     1BFC       0

TOTAL           Name                               Link     Load   Length     Space
        CLASS   STACK          

        CLASS   CODE           
                end_init                              2        2        2         0
                cinit                               7D5      7D5       2B         0
                reset_vec                             0        0        2         0
                text34                              E20      E20       10         0
                text33                              DC8      DC8        6         0
                text32                              DCE      DCE        6         0
                text31                              DD4      DD4        6         0
                text30                              F20      F20       22         0
                text29                              DDA      DDA        6         0
                text28                              DE0      DE0        6         0
                text27                              DE6      DE6        6         0
                text26                              F42      F42       22         0
                text25                              E0C      E0C        A         0
                text24                              F64      F64       2B         0
                text23                              E04      E04        8         0
                text22                                4        4       10         0
                text21                              E45      E45       18         0
                text20                              EC1      EC1       1F         0
                text19                              E5D      E5D       18         0
                text18                              EFF      EFF       21         0
                text17                              168      168       AF         0
                text16                              E16      E16        A         0
                text15                              DEC      DEC        6         0
                text14                              FBA      FBA       46         0
                text13                               F4       F4       74         0
                text12                              3E4      3E4      101         0
                text11                              2FA      2FA       EA         0
                text10                              EA7      EA7       1A         0
                text9                               F8F      F8F       2B         0
                text8                               E75      E75       19         0
                text7                                95       95       5F         0
                text6                               4E5      4E5      16E         0
                text5                               653      653      182         0
                text4                                14       14       31         0
                text3                               E30      E30       15         0
                text2                               EE0      EE0       1F         0
                text1                               E8E      E8E       19         0
                maintext                            217      217       E3         0
                clrtext                             DF2      DF2        6         0
                inittext                            DF8      DF8        6         0
                idataBANK4                           45       45       50         0
                idataBANK1                          DFE      DFE        6         0

        CLASS   STRCODE        
                stringtext2                        1017     1017        B         0
                stringtext1                        1000     1000       17         0

        CLASS   STRING         

        CLASS   CONST          

        CLASS   ENTRY          

        CLASS   COMMON         
                cstackCOMMON                         70       70        E         1

        CLASS   BANK0          
                cstackBANK0                          20       20       50         1

        CLASS   BANK1          
                cstackBANK1                          CA       CA        F         1
                dataBANK1                            E5       E5        6         1
                bssBANK1                             A0       A0       2A         1
                nvBANK1                              D9       D9        C         1

        CLASS   BANK2          
                cstackBANK2                         120      120       50         1

        CLASS   BANK3          
                cstackBANK3                         1B4      1B4       12         1
                bssBANK3                            1A0      1A0       14         1

        CLASS   BANK4          
                dataBANK4                           220      220       50         1

        CLASS   BANK5          

        CLASS   BANK6          

        CLASS   BANK7          

        CLASS   BANK8          

        CLASS   BANK9          

        CLASS   BANK10         

        CLASS   BANK11         

        CLASS   BANK12         

        CLASS   BIGRAM         

        CLASS   RAM            

        CLASS   ABS1           
                abs_s1                               7E       7E        2         1

        CLASS   SFR0           

        CLASS   SFR1           

        CLASS   SFR2           

        CLASS   SFR3           

        CLASS   SFR4           

        CLASS   SFR5           

        CLASS   SFR6           

        CLASS   SFR7           

        CLASS   SFR8           

        CLASS   SFR9           

        CLASS   SFR10          

        CLASS   SFR11          

        CLASS   SFR12          

        CLASS   SFR13          

        CLASS   SFR14          

        CLASS   SFR15          

        CLASS   SFR16          

        CLASS   SFR17          

        CLASS   SFR18          

        CLASS   SFR19          

        CLASS   SFR20          

        CLASS   SFR21          

        CLASS   SFR22          

        CLASS   SFR23          

        CLASS   SFR24          

        CLASS   SFR25          

        CLASS   SFR26          

        CLASS   SFR27          

        CLASS   SFR28          

        CLASS   SFR29          

        CLASS   SFR30          

        CLASS   SFR31          

        CLASS   SFR32          

        CLASS   SFR33          

        CLASS   SFR34          

        CLASS   SFR35          

        CLASS   SFR36          

        CLASS   SFR37          

        CLASS   SFR38          

        CLASS   SFR39          

        CLASS   SFR40          

        CLASS   SFR41          

        CLASS   SFR42          

        CLASS   SFR43          

        CLASS   SFR44          

        CLASS   SFR45          

        CLASS   SFR46          

        CLASS   SFR47          

        CLASS   SFR48          

        CLASS   SFR49          

        CLASS   SFR50          

        CLASS   SFR51          

        CLASS   SFR52          

        CLASS   SFR53          

        CLASS   SFR54          

        CLASS   SFR55          

        CLASS   SFR56          

        CLASS   SFR57          

        CLASS   SFR58          

        CLASS   SFR59          

        CLASS   SFR60          

        CLASS   SFR61          

        CLASS   SFR62          

        CLASS   SFR63          

        CLASS   CONFIG         
                config                             8007     8007        5         4

        CLASS   IDLOC          

        CLASS   BANK63         

        CLASS   BANK62         

        CLASS   BANK61         

        CLASS   BANK60         

        CLASS   BANK59         

        CLASS   BANK58         

        CLASS   BANK57         

        CLASS   BANK56         

        CLASS   BANK55         

        CLASS   BANK54         

        CLASS   BANK53         

        CLASS   BANK52         

        CLASS   BANK51         

        CLASS   BANK50         

        CLASS   BANK49         

        CLASS   BANK48         

        CLASS   BANK47         

        CLASS   BANK46         

        CLASS   BANK45         

        CLASS   BANK44         

        CLASS   BANK43         

        CLASS   BANK42         

        CLASS   BANK41         

        CLASS   BANK40         

        CLASS   BANK39         

        CLASS   BANK38         

        CLASS   BANK37         

        CLASS   BANK36         

        CLASS   BANK35         

        CLASS   BANK34         

        CLASS   BANK33         

        CLASS   BANK32         

        CLASS   BANK31         

        CLASS   BANK30         

        CLASS   BANK29         

        CLASS   BANK28         

        CLASS   BANK27         

        CLASS   BANK26         

        CLASS   BANK25         

        CLASS   BANK24         

        CLASS   BANK23         

        CLASS   BANK22         

        CLASS   BANK21         

        CLASS   BANK20         

        CLASS   BANK19         

        CLASS   BANK18         

        CLASS   BANK17         

        CLASS   BANK16         

        CLASS   BANK15         

        CLASS   BANK14         

        CLASS   BANK13         

        CLASS   EEDATA         



SEGMENTS        Name                           Load    Length   Top    Selector   Space  Class     Delta

                reset_vec                      000000  000014  000014         0       0  CODE        2
                cstackBANK0                    000020  000050  000070        20       1  BANK0       1
                text4                          000014  000031  000045        28       0  CODE        2
                cstackCOMMON                   000070  00000E  00007E        70       1  COMMON      1
                idataBANK4                     000045  000050  000095        8A       0  CODE        2
                bssBANK1                       0000A0  00004B  0000EB        A0       1  BANK1       1
                cstackBANK2                    000120  000050  000170       120       1  BANK2       1
                text7                          000095  00005F  0000F4       12A       0  CODE        2
                bssBANK3                       0001A0  000026  0001C6       1A0       1  BANK3       1
                text13                         0000F4  000074  000168       1E8       0  CODE        2
                dataBANK4                      000220  000050  000270       220       1  BANK4       1
                text17                         000168  0000AF  000217       2D0       0  CODE        2
                maintext                       000217  0000E3  0002FA       42E       0  CODE        2
                text11                         0002FA  0000EA  0003E4       5F4       0  CODE        2
                text12                         0003E4  000101  0004E5       7C8       0  CODE        2
                text6                          0004E5  00016E  000653       9CA       0  CODE        2
                text5                          000653  000182  0007D5       CA6       0  CODE        2
                cinit                          0007D5  00002B  000800       FAA       0  CODE        2
                text33                         000DC8  000006  000DCE      1B90       0  CODE        2
                text32                         000DCE  000006  000DD4      1B9C       0  CODE        2
                text31                         000DD4  000006  000DDA      1BA8       0  CODE        2
                text29                         000DDA  000006  000DE0      1BB4       0  CODE        2
                text28                         000DE0  000006  000DE6      1BC0       0  CODE        2
                text27                         000DE6  000006  000DEC      1BCC       0  CODE        2
                text15                         000DEC  000006  000DF2      1BD8       0  CODE        2
                clrtext                        000DF2  000006  000DF8      1BE4       0  CODE        2
                inittext                       000DF8  000006  000DFE      1BF0       0  CODE        2
                idataBANK1                     000DFE  000006  000E04      1BFC       0  CODE        2
                text23                         000E04  000008  000E0C      1C08       0  CODE        2
                text25                         000E0C  00000A  000E16      1C18       0  CODE        2
                text16                         000E16  00000A  000E20      1C2C       0  CODE        2
                text34                         000E20  000010  000E30      1C40       0  CODE        2
                text3                          000E30  000015  000E45      1C60       0  CODE        2
                text21                         000E45  000018  000E5D      1C8A       0  CODE        2
                text19                         000E5D  000018  000E75      1CBA       0  CODE        2
                text8                          000E75  000019  000E8E      1CEA       0  CODE        2
                text1                          000E8E  000019  000EA7      1D1C       0  CODE        2
                text10                         000EA7  00001A  000EC1      1D4E       0  CODE        2
                text20                         000EC1  00001F  000EE0      1D82       0  CODE        2
                text2                          000EE0  00001F  000EFF      1DC0       0  CODE        2
                text18                         000EFF  000021  000F20      1DFE       0  CODE        2
                text30                         000F20  000022  000F42      1E40       0  CODE        2
                text26                         000F42  000022  000F64      1E84       0  CODE        2
                text24                         000F64  00002B  000F8F      1EC8       0  CODE        2
                text9                          000F8F  00002B  000FBA      1F1E       0  CODE        2
                text14                         000FBA  000046  001000      1F74       0  CODE        2
                stringtext1                    001000  000022  001022      2000       0  STRCODE     2


UNUSED ADDRESS RANGES

        Name                Unused          Largest block    Delta
        BANK1            000EB-000EF               5           1
        BANK10           00520-0056F              50           1
        BANK11           005A0-005EF              50           1
        BANK12           00620-0064F              30           1
        BANK3            001C6-001EF              2A           1
        BANK5            002A0-002EF              50           1
        BANK6            00320-0036F              50           1
        BANK7            003A0-003EF              50           1
        BANK8            00420-0046F              50           1
        BANK9            004A0-004EF              50           1
        BIGRAM           02000-023EF             3F0           1
        CODE             00800-00DC7             5C8           2
                         01022-01FFF             7DE
        CONST            00800-00DC7             100           2
                         01022-01FFF             100
        ENTRY            00800-00DC7             100           2
                         01022-01FFF             100
        IDLOC            08000-08003               4           2
        RAM              000EB-000EF               5           1
                         001C6-001EF              2A
                         002A0-002EF              50
                         00320-0036F              50
                         003A0-003EF              50
                         00420-0046F              50
                         004A0-004EF              50
                         00520-0056F              50
                         005A0-005EF              50
                         00620-0064F              30
        SFR0             00000-0001F              20           1
        SFR1             00080-0009F              20           1
        SFR10            00500-0051F              20           1
        SFR11            00580-0059F              20           1
        SFR12            00600-0061F              20           1
        SFR13            00680-006EF              70           1
        SFR14            00700-0076F              70           1
        SFR15            00780-007EF              70           1
        SFR16            00800-0086F              70           1
        SFR17            00880-008EF              70           1
        SFR18            00900-0096F              70           1
        SFR19            00980-009EF              70           1
        SFR2             00100-0011F              20           1
        SFR20            00A00-00A6F              70           1
        SFR21            00A80-00AEF              70           1
        SFR22            00B00-00B6F              70           1
        SFR23            00B80-00BEF              70           1
        SFR24            00C00-00C6F              70           1
        SFR25            00C80-00CEF              70           1
        SFR26            00D00-00D6F              70           1
        SFR27            00D80-00DEF              70           1
        SFR28            00E00-00E6F              70           1
        SFR29            00E80-00EEF              70           1
        SFR3             00180-0019F              20           1
        SFR30            00F00-00F6F              70           1
        SFR31            00F80-00FEF              70           1
        SFR32            01000-0106F              70           1
        SFR33            01080-010EF              70           1
        SFR34            01100-0116F              70           1
        SFR35            01180-011EF              70           1
        SFR36            01200-0126F              70           1
        SFR37            01280-012EF              70           1
        SFR38            01300-0136F              70           1
        SFR39            01380-013EF              70           1
        SFR4             00200-0021F              20           1
        SFR40            01400-0146F              70           1
        SFR41            01480-014EF              70           1
        SFR42            01500-0156F              70           1
        SFR43            01580-015EF              70           1
        SFR44            01600-0166F              70           1
        SFR45            01680-016EF              70           1
        SFR46            01700-0176F              70           1
        SFR47            01780-017EF              70           1
        SFR48            01800-0186F              70           1
        SFR49            01880-018EF              70           1
        SFR5             00280-0029F              20           1
        SFR50            01900-0196F              70           1
        SFR51            01980-019EF              70           1
        SFR52            01A00-01A6F              70           1
        SFR53            01A80-01AEF              70           1
        SFR54            01B00-01B6F              70           1
        SFR55            01B80-01BEF              70           1
        SFR56            01C00-01C6F              70           1
        SFR57            01C80-01CEF              70           1
        SFR58            01D00-01D6F              70           1
        SFR59            01D80-01DEF              70           1
        SFR6             00300-0031F              20           1
        SFR60            01E00-01E6F              70           1
        SFR61            01E80-01EEF              70           1
        SFR62            01F00-01F6F              70           1
        SFR63            01F80-01FEF              70           1
        SFR7             00380-0039F              20           1
        SFR8             00400-0041F              20           1
        SFR9             00480-0049F              20           1
        STACK            02190-023EF             260           1
        STRCODE          00800-00DC7             5C8           2
                         01022-01FFF             FDE
        STRING           00800-00DC7             100           2
                         01022-01FFF             100

                                  Symbol Table

?___aodiv                                       cstackBANK0  00020
?___aomod                                       cstackBANK0  00020
?___wmul                                        cstackCOMMON 00070
?_abs                                           cstackCOMMON 00073
?_atoi                                          cstackCOMMON 00076
?_ctoa                                          cstackCOMMON 0007A
?_dtoa                                          cstackBANK0  00030
?_fputc                                         cstackCOMMON 00072
?_fputs                                         cstackCOMMON 0007A
?_isdigit                                       cstackCOMMON 00070
?_isspace                                       cstackCOMMON 00070
?_pad                                           cstackBANK0  00026
?_printf                                        cstackBANK0  0006A
?_strlen                                        cstackCOMMON 00070
?_vfpfcnvrt                                     cstackBANK0  0004E
?_vfprintf                                      cstackBANK0  00062
EUSART1_SetErrorHandler@interruptHandler        cstackCOMMON 00070
EUSART1_SetFramingErrorHandler@interruptHandler cstackCOMMON 00070
EUSART1_SetOverrunErrorHandler@interruptHandler cstackCOMMON 00070
EUSART1_Write@txData                            cstackCOMMON 00070
EUSART2_SetErrorHandler@interruptHandler        cstackCOMMON 00070
EUSART2_SetFramingErrorHandler@interruptHandler cstackCOMMON 00070
EUSART2_SetOverrunErrorHandler@interruptHandler cstackCOMMON 00070
_ANSELA                                         (abs)        01F38
_ANSELB                                         (abs)        01F43
_ANSELC                                         (abs)        01F4E
_BAUD1CON                                       (abs)        0011F
_BAUD2CON                                       (abs)        00A1F
_EUSART1_DefaultErrorHandler                    (abs)        00000
_EUSART1_DefaultFramingErrorHandler             (abs)        00000
_EUSART1_DefaultOverrunErrorHandler             (abs)        00000
_EUSART1_ErrorHandler                           nvBANK1      000DF
_EUSART1_FramingErrorHandler                    nvBANK1      000E3
_EUSART1_Initialize                             text30       00F20
_EUSART1_OverrunErrorHandler                    nvBANK1      000E1
_EUSART1_Read                                   text34       00E20
_EUSART1_SetErrorHandler                        text33       00DC8
_EUSART1_SetFramingErrorHandler                 text32       00DCE
_EUSART1_SetOverrunErrorHandler                 text31       00DD4
_EUSART1_Write                                  text16       00E16
_EUSART2_DefaultErrorHandler                    (abs)        00000
_EUSART2_DefaultFramingErrorHandler             (abs)        00000
_EUSART2_DefaultOverrunErrorHandler             (abs)        00000
_EUSART2_ErrorHandler                           nvBANK1      000D9
_EUSART2_FramingErrorHandler                    nvBANK1      000DD
_EUSART2_Initialize                             text26       00F42
_EUSART2_OverrunErrorHandler                    nvBANK1      000DB
_EUSART2_SetErrorHandler                        text29       00DDA
_EUSART2_SetFramingErrorHandler                 text28       00DE0
_EUSART2_SetOverrunErrorHandler                 text27       00DE6
_INLVLA                                         (abs)        01F3C
_INLVLB                                         (abs)        01F47
_INLVLC                                         (abs)        01F52
_LATA                                           (abs)        00018
_LATB                                           (abs)        00019
_LATC                                           (abs)        0001A
_ODCONA                                         (abs)        01F3A
_ODCONB                                         (abs)        01F45
_ODCONC                                         (abs)        01F50
_OSCCON1                                        (abs)        0088D
_OSCCON3                                        (abs)        0088F
_OSCEN                                          (abs)        00891
_OSCFRQ                                         (abs)        00893
_OSCILLATOR_Initialize                          text25       00E0C
_OSCSTAT                                        (abs)        00890
_OSCTUNE                                        (abs)        00892
_PIN_MANAGER_Initialize                         text24       00F64
_PIR3bits                                       (abs)        0070F
_PMD0                                           (abs)        00796
_PMD1                                           (abs)        00797
_PMD2                                           (abs)        00798
_PMD3                                           (abs)        00799
_PMD4                                           (abs)        0079A
_PMD5                                           (abs)        0079B
_PMD_Initialize                                 text23       00E04
_RB7PPS                                         (abs)        01F1F
_RC0PPS                                         (abs)        01F20
_RC1REG                                         (abs)        00119
_RC1STA                                         (abs)        0011D
_RC1STAbits                                     (abs)        0011D
_RC2REG                                         (abs)        00A19
_RC2STA                                         (abs)        00A1D
_RC2STAbits                                     (abs)        00A1D
_RX1DTPPS                                       (abs)        01ECB
_RX2DTPPS                                       (abs)        01ECD
_SLRCONA                                        (abs)        01F3B
_SLRCONB                                        (abs)        01F46
_SLRCONC                                        (abs)        01F51
_SP1BRGH                                        (abs)        0011C
_SP1BRGL                                        (abs)        0011B
_SP2BRGH                                        (abs)        00A1C
_SP2BRGL                                        (abs)        00A1B
_SYSTEM_Initialize                              text22       00004
_TRISA                                          (abs)        00012
_TRISB                                          (abs)        00013
_TRISC                                          (abs)        00014
_TX1REG                                         (abs)        0011A
_TX1STA                                         (abs)        0011E
_TX1STAbits                                     (abs)        0011E
_TX2REG                                         (abs)        00A1A
_TX2STA                                         (abs)        00A1E
_TX2STAbits                                     (abs)        00A1E
_WPUA                                           (abs)        01F39
_WPUB                                           (abs)        01F44
_WPUC                                           (abs)        01F4F
__Habs1                                         abs1         00000
__Hbank0                                        bank0        00000
__Hbank1                                        bank1        00000
__Hbank10                                       bank10       00000
__Hbank11                                       bank11       00000
__Hbank12                                       bank12       00000
__Hbank13                                       bank13       00000
__Hbank14                                       bank14       00000
__Hbank15                                       bank15       00000
__Hbank16                                       bank16       00000
__Hbank17                                       bank17       00000
__Hbank18                                       bank18       00000
__Hbank19                                       bank19       00000
__Hbank2                                        bank2        00000
__Hbank20                                       bank20       00000
__Hbank21                                       bank21       00000
__Hbank22                                       bank22       00000
__Hbank23                                       bank23       00000
__Hbank24                                       bank24       00000
__Hbank25                                       bank25       00000
__Hbank26                                       bank26       00000
__Hbank27                                       bank27       00000
__Hbank28                                       bank28       00000
__Hbank29                                       bank29       00000
__Hbank3                                        bank3        00000
__Hbank30                                       bank30       00000
__Hbank31                                       bank31       00000
__Hbank32                                       bank32       00000
__Hbank33                                       bank33       00000
__Hbank34                                       bank34       00000
__Hbank35                                       bank35       00000
__Hbank36                                       bank36       00000
__Hbank37                                       bank37       00000
__Hbank38                                       bank38       00000
__Hbank39                                       bank39       00000
__Hbank4                                        bank4        00000
__Hbank40                                       bank40       00000
__Hbank41                                       bank41       00000
__Hbank42                                       bank42       00000
__Hbank43                                       bank43       00000
__Hbank44                                       bank44       00000
__Hbank45                                       bank45       00000
__Hbank46                                       bank46       00000
__Hbank47                                       bank47       00000
__Hbank48                                       bank48       00000
__Hbank49                                       bank49       00000
__Hbank5                                        bank5        00000
__Hbank50                                       bank50       00000
__Hbank51                                       bank51       00000
__Hbank52                                       bank52       00000
__Hbank53                                       bank53       00000
__Hbank54                                       bank54       00000
__Hbank55                                       bank55       00000
__Hbank56                                       bank56       00000
__Hbank57                                       bank57       00000
__Hbank58                                       bank58       00000
__Hbank59                                       bank59       00000
__Hbank6                                        bank6        00000
__Hbank60                                       bank60       00000
__Hbank61                                       bank61       00000
__Hbank62                                       bank62       00000
__Hbank63                                       bank63       00000
__Hbank7                                        bank7        00000
__Hbank8                                        bank8        00000
__Hbank9                                        bank9        00000
__Hbigram                                       bigram       00000
__HbssBANK1                                     bssBANK1     00000
__HbssBANK3                                     bssBANK3     00000
__Hcinit                                        cinit        00800
__Hclrtext                                      clrtext      00000
__Hcode                                         code         00000
__Hcommon                                       common       00000
__Hconfig                                       config       0800C
__HcstackBANK0                                  cstackBANK0  00000
__HcstackBANK1                                  cstackBANK1  00000
__HcstackBANK2                                  cstackBANK2  00000
__HcstackBANK3                                  cstackBANK3  00000
__HcstackCOMMON                                 cstackCOMMON 00000
__HdataBANK1                                    dataBANK1    00000
__HdataBANK4                                    dataBANK4    00000
__Heeprom_data                                  eeprom_data  00000
__Hend_init                                     end_init     00004
__Hfunctab                                      functab      00000
__HidataBANK1                                   idataBANK1   00000
__HidataBANK4                                   idataBANK4   00000
__Hinit                                         init         00002
__Hinittext                                     inittext     00000
__Hintentry                                     intentry     00002
__Hmaintext                                     maintext     00000
__HnvBANK1                                      nvBANK1      00000
__Hpowerup                                      powerup      00000
__Hram                                          ram          00000
__Hreset_vec                                    reset_vec    00002
__Hsfr0                                         sfr0         00000
__Hsfr1                                         sfr1         00000
__Hsfr10                                        sfr10        00000
__Hsfr11                                        sfr11        00000
__Hsfr12                                        sfr12        00000
__Hsfr13                                        sfr13        00000
__Hsfr14                                        sfr14        00000
__Hsfr15                                        sfr15        00000
__Hsfr16                                        sfr16        00000
__Hsfr17                                        sfr17        00000
__Hsfr18                                        sfr18        00000
__Hsfr19                                        sfr19        00000
__Hsfr2                                         sfr2         00000
__Hsfr20                                        sfr20        00000
__Hsfr21                                        sfr21        00000
__Hsfr22                                        sfr22        00000
__Hsfr23                                        sfr23        00000
__Hsfr24                                        sfr24        00000
__Hsfr25                                        sfr25        00000
__Hsfr26                                        sfr26        00000
__Hsfr27                                        sfr27        00000
__Hsfr28                                        sfr28        00000
__Hsfr29                                        sfr29        00000
__Hsfr3                                         sfr3         00000
__Hsfr30                                        sfr30        00000
__Hsfr31                                        sfr31        00000
__Hsfr32                                        sfr32        00000
__Hsfr33                                        sfr33        00000
__Hsfr34                                        sfr34        00000
__Hsfr35                                        sfr35        00000
__Hsfr36                                        sfr36        00000
__Hsfr37                                        sfr37        00000
__Hsfr38                                        sfr38        00000
__Hsfr39                                        sfr39        00000
__Hsfr4                                         sfr4         00000
__Hsfr40                                        sfr40        00000
__Hsfr41                                        sfr41        00000
__Hsfr42                                        sfr42        00000
__Hsfr43                                        sfr43        00000
__Hsfr44                                        sfr44        00000
__Hsfr45                                        sfr45        00000
__Hsfr46                                        sfr46        00000
__Hsfr47                                        sfr47        00000
__Hsfr48                                        sfr48        00000
__Hsfr49                                        sfr49        00000
__Hsfr5                                         sfr5         00000
__Hsfr50                                        sfr50        00000
__Hsfr51                                        sfr51        00000
__Hsfr52                                        sfr52        00000
__Hsfr53                                        sfr53        00000
__Hsfr54                                        sfr54        00000
__Hsfr55                                        sfr55        00000
__Hsfr56                                        sfr56        00000
__Hsfr57                                        sfr57        00000
__Hsfr58                                        sfr58        00000
__Hsfr59                                        sfr59        00000
__Hsfr6                                         sfr6         00000
__Hsfr60                                        sfr60        00000
__Hsfr61                                        sfr61        00000
__Hsfr62                                        sfr62        00000
__Hsfr63                                        sfr63        00000
__Hsfr7                                         sfr7         00000
__Hsfr8                                         sfr8         00000
__Hsfr9                                         sfr9         00000
__Hspace_0                                      (abs)        01022
__Hspace_1                                      (abs)        00270
__Hspace_2                                      (abs)        00000
__Hspace_3                                      (abs)        00000
__Hspace_4                                      (abs)        10013
__Hstack                                        stack        00000
__Hstrings                                      strings      00000
__Hstringtext1                                  stringtext1  00000
__Hstringtext2                                  stringtext2  00000
__Hstringtext3                                  stringtext3  00000
__Htext                                         text         00000
__Labs1                                         abs1         00000
__Lbank0                                        bank0        00000
__Lbank1                                        bank1        00000
__Lbank10                                       bank10       00000
__Lbank11                                       bank11       00000
__Lbank12                                       bank12       00000
__Lbank13                                       bank13       00000
__Lbank14                                       bank14       00000
__Lbank15                                       bank15       00000
__Lbank16                                       bank16       00000
__Lbank17                                       bank17       00000
__Lbank18                                       bank18       00000
__Lbank19                                       bank19       00000
__Lbank2                                        bank2        00000
__Lbank20                                       bank20       00000
__Lbank21                                       bank21       00000
__Lbank22                                       bank22       00000
__Lbank23                                       bank23       00000
__Lbank24                                       bank24       00000
__Lbank25                                       bank25       00000
__Lbank26                                       bank26       00000
__Lbank27                                       bank27       00000
__Lbank28                                       bank28       00000
__Lbank29                                       bank29       00000
__Lbank3                                        bank3        00000
__Lbank30                                       bank30       00000
__Lbank31                                       bank31       00000
__Lbank32                                       bank32       00000
__Lbank33                                       bank33       00000
__Lbank34                                       bank34       00000
__Lbank35                                       bank35       00000
__Lbank36                                       bank36       00000
__Lbank37                                       bank37       00000
__Lbank38                                       bank38       00000
__Lbank39                                       bank39       00000
__Lbank4                                        bank4        00000
__Lbank40                                       bank40       00000
__Lbank41                                       bank41       00000
__Lbank42                                       bank42       00000
__Lbank43                                       bank43       00000
__Lbank44                                       bank44       00000
__Lbank45                                       bank45       00000
__Lbank46                                       bank46       00000
__Lbank47                                       bank47       00000
__Lbank48                                       bank48       00000
__Lbank49                                       bank49       00000
__Lbank5                                        bank5        00000
__Lbank50                                       bank50       00000
__Lbank51                                       bank51       00000
__Lbank52                                       bank52       00000
__Lbank53                                       bank53       00000
__Lbank54                                       bank54       00000
__Lbank55                                       bank55       00000
__Lbank56                                       bank56       00000
__Lbank57                                       bank57       00000
__Lbank58                                       bank58       00000
__Lbank59                                       bank59       00000
__Lbank6                                        bank6        00000
__Lbank60                                       bank60       00000
__Lbank61                                       bank61       00000
__Lbank62                                       bank62       00000
__Lbank63                                       bank63       00000
__Lbank7                                        bank7        00000
__Lbank8                                        bank8        00000
__Lbank9                                        bank9        00000
__Lbigram                                       bigram       00000
__LbssBANK1                                     bssBANK1     00000
__LbssBANK3                                     bssBANK3     00000
__Lcinit                                        cinit        007D5
__Lclrtext                                      clrtext      00000
__Lcode                                         code         00000
__Lcommon                                       common       00000
__Lconfig                                       config       00000
__LcstackBANK0                                  cstackBANK0  00000
__LcstackBANK1                                  cstackBANK1  00000
__LcstackBANK2                                  cstackBANK2  00000
__LcstackBANK3                                  cstackBANK3  00000
__LcstackCOMMON                                 cstackCOMMON 00000
__LdataBANK1                                    dataBANK1    00000
__LdataBANK4                                    dataBANK4    00000
__Leeprom_data                                  eeprom_data  00000
__Lend_init                                     end_init     00002
__Lfunctab                                      functab      00000
__LidataBANK1                                   idataBANK1   00000
__LidataBANK4                                   idataBANK4   00000
__Linit                                         init         00002
__Linittext                                     inittext     00000
__Lintentry                                     intentry     00002
__Lmaintext                                     maintext     00000
__LnvBANK1                                      nvBANK1      00000
__Lpowerup                                      powerup      00000
__Lram                                          ram          00000
__Lreset_vec                                    reset_vec    00000
__Lsfr0                                         sfr0         00000
__Lsfr1                                         sfr1         00000
__Lsfr10                                        sfr10        00000
__Lsfr11                                        sfr11        00000
__Lsfr12                                        sfr12        00000
__Lsfr13                                        sfr13        00000
__Lsfr14                                        sfr14        00000
__Lsfr15                                        sfr15        00000
__Lsfr16                                        sfr16        00000
__Lsfr17                                        sfr17        00000
__Lsfr18                                        sfr18        00000
__Lsfr19                                        sfr19        00000
__Lsfr2                                         sfr2         00000
__Lsfr20                                        sfr20        00000
__Lsfr21                                        sfr21        00000
__Lsfr22                                        sfr22        00000
__Lsfr23                                        sfr23        00000
__Lsfr24                                        sfr24        00000
__Lsfr25                                        sfr25        00000
__Lsfr26                                        sfr26        00000
__Lsfr27                                        sfr27        00000
__Lsfr28                                        sfr28        00000
__Lsfr29                                        sfr29        00000
__Lsfr3                                         sfr3         00000
__Lsfr30                                        sfr30        00000
__Lsfr31                                        sfr31        00000
__Lsfr32                                        sfr32        00000
__Lsfr33                                        sfr33        00000
__Lsfr34                                        sfr34        00000
__Lsfr35                                        sfr35        00000
__Lsfr36                                        sfr36        00000
__Lsfr37                                        sfr37        00000
__Lsfr38                                        sfr38        00000
__Lsfr39                                        sfr39        00000
__Lsfr4                                         sfr4         00000
__Lsfr40                                        sfr40        00000
__Lsfr41                                        sfr41        00000
__Lsfr42                                        sfr42        00000
__Lsfr43                                        sfr43        00000
__Lsfr44                                        sfr44        00000
__Lsfr45                                        sfr45        00000
__Lsfr46                                        sfr46        00000
__Lsfr47                                        sfr47        00000
__Lsfr48                                        sfr48        00000
__Lsfr49                                        sfr49        00000
__Lsfr5                                         sfr5         00000
__Lsfr50                                        sfr50        00000
__Lsfr51                                        sfr51        00000
__Lsfr52                                        sfr52        00000
__Lsfr53                                        sfr53        00000
__Lsfr54                                        sfr54        00000
__Lsfr55                                        sfr55        00000
__Lsfr56                                        sfr56        00000
__Lsfr57                                        sfr57        00000
__Lsfr58                                        sfr58        00000
__Lsfr59                                        sfr59        00000
__Lsfr6                                         sfr6         00000
__Lsfr60                                        sfr60        00000
__Lsfr61                                        sfr61        00000
__Lsfr62                                        sfr62        00000
__Lsfr63                                        sfr63        00000
__Lsfr7                                         sfr7         00000
__Lsfr8                                         sfr8         00000
__Lsfr9                                         sfr9         00000
__Lspace_0                                      (abs)        00000
__Lspace_1                                      (abs)        00000
__Lspace_2                                      (abs)        00000
__Lspace_3                                      (abs)        00000
__Lspace_4                                      (abs)        00000
__Lstack                                        stack        00000
__Lstrings                                      strings      00000
__Lstringtext1                                  stringtext1  00000
__Lstringtext2                                  stringtext2  00000
__Lstringtext3                                  stringtext3  00000
__Ltext                                         text         00000
__S0                                            (abs)        01022
__S1                                            (abs)        00270
__S2                                            (abs)        00000
___aodiv                                        text12       003E4
___aodiv@counter                                cstackCOMMON 00071
___aodiv@dividend                               cstackBANK0  00028
___aodiv@divisor                                cstackBANK0  00020
___aodiv@quotient                               cstackCOMMON 00073
___aodiv@sign                                   cstackCOMMON 00072
___aomod                                        text11       002FA
___aomod@counter                                cstackCOMMON 00071
___aomod@dividend                               cstackBANK0  00028
___aomod@divisor                                cstackBANK0  00020
___aomod@sign                                   cstackCOMMON 00072
___int_sp                                       stack        00000
___latbits                                      (abs)        00002
___sp                                           stack        00000
___stackhi                                      (abs)        023EF
___stacklo                                      (abs)        02190
___wmul                                         text20       00EC1
___wmul@multiplicand                            cstackCOMMON 00072
___wmul@multiplier                              cstackCOMMON 00070
___wmul@product                                 cstackCOMMON 00074
__end_of_EUSART1_Initialize                     text30       00F42
__end_of_EUSART1_Read                           text34       00E30
__end_of_EUSART1_SetErrorHandler                text33       00DCE
__end_of_EUSART1_SetFramingErrorHandler         text32       00DD4
__end_of_EUSART1_SetOverrunErrorHandler         text31       00DDA
__end_of_EUSART1_Write                          text16       00E20
__end_of_EUSART2_Initialize                     text26       00F64
__end_of_EUSART2_SetErrorHandler                text29       00DE0
__end_of_EUSART2_SetFramingErrorHandler         text28       00DE6
__end_of_EUSART2_SetOverrunErrorHandler         text27       00DEC
__end_of_OSCILLATOR_Initialize                  text25       00E16
__end_of_PIN_MANAGER_Initialize                 text24       00F8F
__end_of_PMD_Initialize                         text23       00E0C
__end_of_SYSTEM_Initialize                      text22       00014
__end_of___aodiv                                text12       004E5
__end_of___aomod                                text11       003E4
__end_of___wmul                                 text20       00EE0
__end_of__initialization                        cinit        007FD
__end_of_abs                                    text10       00EC1
__end_of_atoi                                   text17       00217
__end_of_ctoa                                   text13       00168
__end_of_dtoa                                   text6        00653
__end_of_fputc                                  text14       01000
__end_of_fputs                                  text9        00FBA
__end_of_isdigit                                text19       00E75
__end_of_isspace                                text18       00F20
__end_of_main                                   maintext     002FA
__end_of_pad                                    text7        000F4
__end_of_parsing                                text21       00E5D
__end_of_printf                                 text3        00E45
__end_of_putch                                  text15       00DF2
__end_of_puts                                   text2        00EFF
__end_of_strchr                                 text1        00EA7
__end_of_strlen                                 text8        00E8E
__end_of_vfpfcnvrt                              text5        007D5
__end_of_vfprintf                               text4        00045
__initialization                                cinit        007D5
__pbssBANK1                                     bssBANK1     000A0
__pbssBANK3                                     bssBANK3     001A0
__pcstackBANK0                                  cstackBANK0  00020
__pcstackBANK1                                  cstackBANK1  000CA
__pcstackBANK2                                  cstackBANK2  00120
__pcstackBANK3                                  cstackBANK3  001B4
__pcstackCOMMON                                 cstackCOMMON 00070
__pdataBANK1                                    dataBANK1    000E5
__pdataBANK4                                    dataBANK4    00220
__pidataBANK1                                   idataBANK1   00DFE
__pidataBANK4                                   idataBANK4   00045
__pmaintext                                     maintext     00217
__pnvBANK1                                      nvBANK1      000D9
__pstringtext1                                  stringtext1  01000
__pstringtext2                                  stringtext2  01017
__pstringtext3                                  stringtext3  00000
__ptext1                                        text1        00E8E
__ptext10                                       text10       00EA7
__ptext11                                       text11       002FA
__ptext12                                       text12       003E4
__ptext13                                       text13       000F4
__ptext14                                       text14       00FBA
__ptext15                                       text15       00DEC
__ptext16                                       text16       00E16
__ptext17                                       text17       00168
__ptext18                                       text18       00EFF
__ptext19                                       text19       00E5D
__ptext2                                        text2        00EE0
__ptext20                                       text20       00EC1
__ptext21                                       text21       00E45
__ptext22                                       text22       00004
__ptext23                                       text23       00E04
__ptext24                                       text24       00F64
__ptext25                                       text25       00E0C
__ptext26                                       text26       00F42
__ptext27                                       text27       00DE6
__ptext28                                       text28       00DE0
__ptext29                                       text29       00DDA
__ptext3                                        text3        00E30
__ptext30                                       text30       00F20
__ptext31                                       text31       00DD4
__ptext32                                       text32       00DCE
__ptext33                                       text33       00DC8
__ptext34                                       text34       00E20
__ptext4                                        text4        00014
__ptext5                                        text5        00653
__ptext6                                        text6        004E5
__ptext7                                        text7        00095
__ptext8                                        text8        00E75
__ptext9                                        text9        00F8F
__size_of_EUSART1_Initialize                    (abs)        00000
__size_of_EUSART1_Read                          (abs)        00000
__size_of_EUSART1_SetErrorHandler               (abs)        00000
__size_of_EUSART1_SetFramingErrorHandler        (abs)        00000
__size_of_EUSART1_SetOverrunErrorHandler        (abs)        00000
__size_of_EUSART1_Write                         (abs)        00000
__size_of_EUSART2_Initialize                    (abs)        00000
__size_of_EUSART2_SetErrorHandler               (abs)        00000
__size_of_EUSART2_SetFramingErrorHandler        (abs)        00000
__size_of_EUSART2_SetOverrunErrorHandler        (abs)        00000
__size_of_OSCILLATOR_Initialize                 (abs)        00000
__size_of_PIN_MANAGER_Initialize                (abs)        00000
__size_of_PMD_Initialize                        (abs)        00000
__size_of_SYSTEM_Initialize                     (abs)        00000
__size_of___aodiv                               (abs)        00000
__size_of___aomod                               (abs)        00000
__size_of___wmul                                (abs)        00000
__size_of_abs                                   (abs)        00000
__size_of_atoi                                  (abs)        00000
__size_of_ctoa                                  (abs)        00000
__size_of_dtoa                                  (abs)        00000
__size_of_fputc                                 (abs)        00000
__size_of_fputs                                 (abs)        00000
__size_of_isdigit                               (abs)        00000
__size_of_isspace                               (abs)        00000
__size_of_main                                  (abs)        00000
__size_of_pad                                   (abs)        00000
__size_of_parsing                               (abs)        00000
__size_of_printf                                (abs)        00000
__size_of_putch                                 (abs)        00000
__size_of_puts                                  (abs)        00000
__size_of_strchr                                (abs)        00000
__size_of_strlen                                (abs)        00000
__size_of_vfpfcnvrt                             (abs)        00000
__size_of_vfprintf                              (abs)        00000
_abs                                            text10       00EA7
_atoi                                           text17       00168
_atoi$879                                       cstackBANK0  00022
_atoi$880                                       cstackBANK0  00026
_atoi$881                                       cstackBANK0  00024
_ctoa                                           text13       000F4
_dbuf                                           bssBANK1     000AA
_dtoa                                           text6        004E5
_dtoa$843                                       cstackBANK0  0003B
_eusart1RxLastError                             bssBANK1     000A9
_eusart2RxLastError                             bssBANK1     000A8
_flags                                          bssBANK1     000A6
_fputc                                          text14       00FBA
_fputs                                          text9        00F8F
_isdigit                                        text19       00E5D
_isspace                                        text18       00EFF
_isspace$897                                    cstackCOMMON 00074
_main                                           maintext     00217
_nout                                           bssBANK1     000A0
_pad                                            text7        00095
_parsing                                        text21       00E45
_prec                                           bssBANK1     000A4
_printf                                         text3        00E30
_putch                                          text15       00DEC
_puts                                           text2        00EE0
_puts$932                                       cstackBANK0  00029
_strchr                                         text1        00E8E
_strlen                                         text8        00E75
_vfpfcnvrt                                      text5        00653
_vfpfcnvrt$858                                  cstackBANK0  0005F
_vfprintf                                       text4        00014
_width                                          bssBANK1     000A2
abs@a                                           cstackCOMMON 00073
atoi@n                                          cstackBANK0  00027
atoi@neg                                        cstackBANK0  00020
atoi@s                                          cstackCOMMON 00076
btemp                                           (abs)        0007E
clear_ram0                                      clrtext      00DF2
ctoa@c                                          cstackCOMMON 0007A
ctoa@fp                                         cstackBANK0  00027
ctoa@l                                          cstackBANK0  00023
ctoa@w                                          cstackBANK0  00025
dtoa@d                                          cstackBANK0  00030
dtoa@fp                                         cstackBANK0  0003D
dtoa@i                                          cstackBANK0  0004C
dtoa@n                                          cstackBANK0  00044
dtoa@p                                          cstackBANK0  0003E
dtoa@s                                          cstackBANK0  00042
dtoa@w                                          cstackBANK0  00040
end_of_initialization                           cinit        007FD
fputc@c                                         cstackCOMMON 00072
fputc@fp                                        cstackCOMMON 00074
fputs@c                                         cstackBANK0  00023
fputs@fp                                        cstackCOMMON 0007C
fputs@i                                         cstackBANK0  00024
fputs@s                                         cstackCOMMON 0007A
init_ram                                        inittext     00DF8
intlevel0                                       functab      00000
intlevel1                                       functab      00000
intlevel2                                       functab      00000
intlevel3                                       functab      00000
intlevel4                                       functab      00000
intlevel5                                       functab      00000
isdigit@c                                       cstackCOMMON 00070
isspace@c                                       cstackCOMMON 00070
main@Buffer                                     cstackBANK3  001B4
main@F7307                                      dataBANK4    00220
main@F7309                                      dataBANK1    000E5
main@i                                          cstackBANK3  001C4
main@position                                   cstackBANK3  001C2
main@position_ptr                               cstackBANK1  000D8
main@read                                       cstackBANK3  001C0
main@s1                                         cstackBANK1  000D2
main@sentence                                   cstackBANK2  00120
main@temp_position                              cstackBANK3  001BE
pad@buf                                         cstackBANK0  00026
pad@fp                                          cstackBANK0  0002D
pad@i                                           cstackBANK0  00029
pad@p                                           cstackBANK0  00027
pad@w                                           cstackBANK0  0002B
parsing@Buffer                                  cstackCOMMON 00072
parsing@Value                                   cstackCOMMON 00070
printf@ap                                       cstackBANK1  000CD
printf@fmt                                      cstackBANK0  0006A
putch@txData                                    cstackCOMMON 00071
puts@s                                          cstackBANK0  00028
reset_vec                                       reset_vec    00000
start                                           init         00002
start_initialization                            cinit        007D5
strchr@c                                        cstackCOMMON 00070
strchr@s                                        cstackCOMMON 00072
strlen@a                                        cstackCOMMON 00073
strlen@s                                        cstackCOMMON 00074
vfpfcnvrt@ap                                    cstackBANK0  0004F
vfpfcnvrt@c                                     cstackBANK0  0005E
vfpfcnvrt@fmt                                   cstackBANK0  0004E
vfpfcnvrt@fp                                    cstackBANK0  00061
vfpfcnvrt@ll                                    cstackBANK0  00056
vfprintf@ap                                     cstackBANK0  00064
vfprintf@cfmt                                   cstackBANK0  00068
vfprintf@fmt                                    cstackBANK0  00062
vfprintf@fp                                     cstackBANK0  00067
wtemp0                                          (abs)        0007E


FUNCTION INFORMATION:

 *************** function _main *****************
 Defined at:
		line 91 in file "main.c"
 Parameters:    Size  Location     Type
		None
 Auto vars:     Size  Location     Type
  position        2   14[BANK3 ] int 
  position_ptr    1   14[BANK1 ] PTR unsigned char 
		 -> NULL(0), main@sentence(80), 
  Buffer         10    0[BANK3 ] unsigned char [10]
  read            2   12[BANK3 ] unsigned short 
  i               2   16[BANK3 ] int 
  sentence       80    0[BANK2 ] unsigned char [80]
  s1              6    8[BANK1 ] unsigned char [6]
  temp_positio    2   10[BANK3 ] int 
 Return value:  Size  Location     Type
                  1    wreg      void 
 Registers used:
		wreg, fsr0l, fsr0h, fsr1l, fsr1h, status,2, status,0, pclath, cstack
 Tracked objects:
		On entry : 
		On exit  : 
		Unchanged: 
 Data sizes:     COMMON   BANK0   BANK1   BANK2   BANK3   BANK4   BANK5   BANK6   BANK7   BANK8   BANK9  BANK10  BANK11  BANK12
      Params:         0       0       0       0       0       0       0       0       0       0       0       0       0       0
      Locals:         0       0       7      80      18       0       0       0       0       0       0       0       0       0
      Temps:          0       0       4       0       0       0       0       0       0       0       0       0       0       0
      Totals:         0       0      11      80      18       0       0       0       0       0       0       0       0       0
Total ram usage:      109 bytes
 Hardware stack levels required when called:    9
 This function calls:
		_EUSART1_Read
		_SYSTEM_Initialize
		_parsing
		_printf
		_puts
		_strchr
		_strlen
 This function is called by:
		Startup code after reset
 This function uses a non-reentrant model


 *************** function _strchr *****************
 Defined at:
		line 3 in file "C:\Program Files\Microchip\xc8\v2.31\pic\sources\c99\common\strchr.c"
 Parameters:    Size  Location     Type
  s               1    wreg     PTR const unsigned char 
		 -> main@sentence(80), 
  c               2    0[COMMON] int 
 Auto vars:     Size  Location     Type
  s               1    2[COMMON] PTR const unsigned char 
		 -> main@sentence(80), 
 Return value:  Size  Location     Type
                  1    wreg      PTR unsigned char 
 Registers used:
		wreg, fsr1l, fsr1h, status,2, status,0
 Tracked objects:
		On entry : 
		On exit  : 
		Unchanged: 
 Data sizes:     COMMON   BANK0   BANK1   BANK2   BANK3   BANK4   BANK5   BANK6   BANK7   BANK8   BANK9  BANK10  BANK11  BANK12
      Params:         2       0       0       0       0       0       0       0       0       0       0       0       0       0
      Locals:         1       0       0       0       0       0       0       0       0       0       0       0       0       0
      Temps:          0       0       0       0       0       0       0       0       0       0       0       0       0       0
      Totals:         3       0       0       0       0       0       0       0       0       0       0       0       0       0
Total ram usage:        3 bytes
 Hardware stack levels used:    1
 This function calls:
		Nothing
 This function is called by:
		_main
 This function uses a non-reentrant model


 *************** function _puts *****************
 Defined at:
		line 3 in file "C:\Program Files\Microchip\xc8\v2.31\pic\sources\c99\common\puts.c"
 Parameters:    Size  Location     Type
  s               1    wreg     PTR const unsigned char 
		 -> main@sentence(80), 
 Auto vars:     Size  Location     Type
  s               1    8[BANK0 ] PTR const unsigned char 
		 -> main@sentence(80), 
  r               2    0        int 
 Return value:  Size  Location     Type
                  2  285[None  ] int 
 Registers used:
		wreg, fsr1l, fsr1h, status,2, status,0, pclath, cstack
 Tracked objects:
		On entry : 
		On exit  : 
		Unchanged: 
 Data sizes:     COMMON   BANK0   BANK1   BANK2   BANK3   BANK4   BANK5   BANK6   BANK7   BANK8   BANK9  BANK10  BANK11  BANK12
      Params:         0       0       0       0       0       0       0       0       0       0       0       0       0       0
      Locals:         0       4       0       0       0       0       0       0       0       0       0       0       0       0
      Temps:          0       0       0       0       0       0       0       0       0       0       0       0       0       0
      Totals:         0       4       0       0       0       0       0       0       0       0       0       0       0       0
Total ram usage:        4 bytes
 Hardware stack levels used:    1
 Hardware stack levels required when called:    4
 This function calls:
		_fputc
		_fputs
 This function is called by:
		_main
 This function uses a non-reentrant model


[...]
		line 75 in file "mcc_generated_files/mcc.c"
 Parameters:    Size  Location     Type
		None
 Auto vars:     Size  Location     Type
		None
 Return value:  Size  Location     Type
                  1    wreg      void 
 Registers used:
		status,2
 Tracked objects:
		On entry : 
		On exit  : 
		Unchanged: 
 Data sizes:     COMMON   BANK0   BANK1   BANK2   BANK3   BANK4   BANK5   BANK6   BANK7   BANK8   BANK9  BANK10  BANK11  BANK12
      Params:         0       0       0       0       0       0       0       0       0       0       0       0       0       0
      Locals:         0       0       0       0       0       0       0       0       0       0       0       0       0       0
      Temps:          0       0       0       0       0       0       0       0       0       0       0       0       0       0
      Totals:         0       0       0       0       0       0       0       0       0       0       0       0       0       0
Total ram usage:        0 bytes
 Hardware stack levels used:    1
 This function calls:
		Nothing
 This function is called by:
		_SYSTEM_Initialize
 This function uses a non-reentrant model


 *************** function _PIN_MANAGER_Initialize *****************
 Defined at:
		line 55 in file "mcc_generated_files/pin_manager.c"
 Parameters:    Size  Location     Type
		None
 Auto vars:     Size  Location     Type
		None
 Return value:  Size  Location     Type
                  1    wreg      void 
 Registers used:
		wreg, status,2
 Tracked objects:
		On entry : 
		On exit  : 
		Unchanged: 
 Data sizes:     COMMON   BANK0   BANK1   BANK2   BANK3   BANK4   BANK5   BANK6   BANK7   BANK8   BANK9  BANK10  BANK11  BANK12
      Params:         0       0       0       0       0       0       0       0       0       0       0       0       0       0
      Locals:         0       0       0       0       0       0       0       0       0       0       0       0       0       0
      Temps:          0       0       0       0       0       0       0       0       0       0       0       0       0       0
      Totals:         0       0       0       0       0       0       0       0       0       0       0       0       0       0
Total ram usage:        0 bytes
 Hardware stack levels used:    1
 This function calls:
		Nothing
 This function is called by:
		_SYSTEM_Initialize
 This function uses a non-reentrant model


 *************** function _OSCILLATOR_Initialize *****************
 Defined at:
		line 59 in file "mcc_generated_files/mcc.c"
 Parameters:    Size  Location     Type
		None
 Auto vars:     Size  Location     Type
		None
 Return value:  Size  Location     Type
                  1    wreg      void 
 Registers used:
		wreg, status,2
 Tracked objects:
		On entry : 
		On exit  : 
		Unchanged: 
 Data sizes:     COMMON   BANK0   BANK1   BANK2   BANK3   BANK4   BANK5   BANK6   BANK7   BANK8   BANK9  BANK10  BANK11  BANK12
      Params:         0       0       0       0       0       0       0       0       0       0       0       0       0       0
      Locals:         0       0       0       0       0       0       0       0       0       0       0       0       0       0
      Temps:          0       0       0       0       0       0       0       0       0       0       0       0       0       0
      Totals:         0       0       0       0       0       0       0       0       0       0       0       0       0       0
Total ram usage:        0 bytes
 Hardware stack levels used:    1
 This function calls:
		Nothing
 This function is called by:
		_SYSTEM_Initialize
 This function uses a non-reentrant model


 *************** function _EUSART2_Initialize *****************
 Defined at:
		line 66 in file "mcc_generated_files/eusart2.c"
 Parameters:    Size  Location     Type
		None
 Auto vars:     Size  Location     Type
		None
 Return value:  Size  Location     Type
                  1    wreg      void 
 Registers used:
		wreg, status,2, status,0, pclath, cstack
 Tracked objects:
		On entry : 
		On exit  : 
		Unchanged: 
 Data sizes:     COMMON   BANK0   BANK1   BANK2   BANK3   BANK4   BANK5   BANK6   BANK7   BANK8   BANK9  BANK10  BANK11  BANK12
      Params:         0       0       0       0       0       0       0       0       0       0       0       0       0       0
      Locals:         0       0       0       0       0       0       0       0       0       0       0       0       0       0
      Temps:          0       0       0       0       0       0       0       0       0       0       0       0       0       0
      Totals:         0       0       0       0       0       0       0       0       0       0       0       0       0       0
Total ram usage:        0 bytes
 Hardware stack levels used:    1
 Hardware stack levels required when called:    1
 This function calls:
		_EUSART2_SetErrorHandler
		_EUSART2_SetFramingErrorHandler
		_EUSART2_SetOverrunErrorHandler
 This function is called by:
		_SYSTEM_Initialize
 This function uses a non-reentrant model


 *************** function _EUSART2_SetOverrunErrorHandler *****************
 Defined at:
		line 161 in file "mcc_generated_files/eusart2.c"
 Parameters:    Size  Location     Type
  interruptHan    2    0[COMMON] PTR FTN()void 
		 -> EUSART2_DefaultOverrunErrorHandler(1), 
 Auto vars:     Size  Location     Type
		None
 Return value:  Size  Location     Type
                  1    wreg      void 
 Registers used:
		wreg
 Tracked objects:
		On entry : 
		On exit  : 
		Unchanged: 
 Data sizes:     COMMON   BANK0   BANK1   BANK2   BANK3   BANK4   BANK5   BANK6   BANK7   BANK8   BANK9  BANK10  BANK11  BANK12
      Params:         2       0       0       0       0       0       0       0       0       0       0       0       0       0
      Locals:         0       0       0       0       0       0       0       0       0       0       0       0       0       0
      Temps:          0       0       0       0       0       0       0       0       0       0       0       0       0       0
      Totals:         2       0       0       0       0       0       0       0       0       0       0       0       0       0
Total ram usage:        2 bytes
 Hardware stack levels used:    1
 This function calls:
		Nothing
 This function is called by:
		_EUSART2_Initialize
 This function uses a non-reentrant model


 *************** function _EUSART2_SetFramingErrorHandler *****************
 Defined at:
		line 157 in file "mcc_generated_files/eusart2.c"
 Parameters:    Size  Location     Type
  interruptHan    2    0[COMMON] PTR FTN()void 
		 -> EUSART2_DefaultFramingErrorHandler(1), 
 Auto vars:     Size  Location     Type
		None
 Return value:  Size  Location     Type
                  1    wreg      void 
 Registers used:
		wreg
 Tracked objects:
		On entry : 
		On exit  : 
		Unchanged: 
 Data sizes:     COMMON   BANK0   BANK1   BANK2   BANK3   BANK4   BANK5   BANK6   BANK7   BANK8   BANK9  BANK10  BANK11  BANK12
      Params:         2       0       0       0       0       0       0       0       0       0       0       0       0       0
      Locals:         0       0       0       0       0       0       0       0       0       0       0       0       0       0
      Temps:          0       0       0       0       0       0       0       0       0       0       0       0       0       0
      Totals:         2       0       0       0       0       0       0       0       0       0       0       0       0       0
Total ram usage:        2 bytes
 Hardware stack levels used:    1
 This function calls:
		Nothing
 This function is called by:
		_EUSART2_Initialize
 This function uses a non-reentrant model


 *************** function _EUSART2_SetErrorHandler *****************
 Defined at:
		line 165 in file "mcc_generated_files/eusart2.c"
 Parameters:    Size  Location     Type
  interruptHan    2    0[COMMON] PTR FTN()void 
		 -> EUSART2_DefaultErrorHandler(1), 
 Auto vars:     Size  Location     Type
		None
 Return value:  Size  Location     Type
                  1    wreg      void 
 Registers used:
		wreg
 Tracked objects:
		On entry : 
		On exit  : 
		Unchanged: 
 Data sizes:     COMMON   BANK0   BANK1   BANK2   BANK3   BANK4   BANK5   BANK6   BANK7   BANK8   BANK9  BANK10  BANK11  BANK12
      Params:         2       0       0       0       0       0       0       0       0       0       0       0       0       0
      Locals:         0       0       0       0       0       0       0       0       0       0       0       0       0       0
      Temps:          0       0       0       0       0       0       0       0       0       0       0       0       0       0
      Totals:         2       0       0       0       0       0       0       0       0       0       0       0       0       0
Total ram usage:        2 bytes
 Hardware stack levels used:    1
 This function calls:
		Nothing
 This function is called by:
		_EUSART2_Initialize
 This function uses a non-reentrant model


 *************** function _EUSART1_Initialize *****************
 Defined at:
		line 66 in file "mcc_generated_files/eusart1.c"
 Parameters:    Size  Location     Type
		None
 Auto vars:     Size  Location     Type
		None
 Return value:  Size  Location     Type
                  1    wreg      void 
 Registers used:
		wreg, status,2, status,0, pclath, cstack
 Tracked objects:
		On entry : 
		On exit  : 
		Unchanged: 
 Data sizes:     COMMON   BANK0   BANK1   BANK2   BANK3   BANK4   BANK5   BANK6   BANK7   BANK8   BANK9  BANK10  BANK11  BANK12
      Params:         0       0       0       0       0       0       0       0       0       0       0       0       0       0
      Locals:         0       0       0       0       0       0       0       0       0       0       0       0       0       0
      Temps:          0       0       0       0       0       0       0       0       0       0       0       0       0       0
      Totals:         0       0       0       0       0       0       0       0       0       0       0       0       0       0
Total ram usage:        0 bytes
 Hardware stack levels used:    1
 Hardware stack levels required when called:    1
 This function calls:
		_EUSART1_SetErrorHandler
		_EUSART1_SetFramingErrorHandler
		_EUSART1_SetOverrunErrorHandler
 This function is called by:
		_SYSTEM_Initialize
 This function uses a non-reentrant model


 *************** function _EUSART1_SetOverrunErrorHandler *****************
 Defined at:
		line 170 in file "mcc_generated_files/eusart1.c"
 Parameters:    Size  Location     Type
  interruptHan    2    0[COMMON] PTR FTN()void 
		 -> EUSART1_DefaultOverrunErrorHandler(1), 
 Auto vars:     Size  Location     Type
		None
 Return value:  Size  Location     Type
                  1    wreg      void 
 Registers used:
		wreg
 Tracked objects:
		On entry : 
		On exit  : 
		Unchanged: 
 Data sizes:     COMMON   BANK0   BANK1   BANK2   BANK3   BANK4   BANK5   BANK6   BANK7   BANK8   BANK9  BANK10  BANK11  BANK12
      Params:         2       0       0       0       0       0       0       0       0       0       0       0       0       0
      Locals:         0       0       0       0       0       0       0       0       0       0       0       0       0       0
      Temps:          0       0       0       0       0       0       0       0       0       0       0       0       0       0
      Totals:         2       0       0       0       0       0       0       0       0       0       0       0       0       0
Total ram usage:        2 bytes
 Hardware stack levels used:    1
 This function calls:
		Nothing
 This function is called by:
		_EUSART1_Initialize
 This function uses a non-reentrant model


 *************** function _EUSART1_SetFramingErrorHandler *****************
 Defined at:
		line 166 in file "mcc_generated_files/eusart1.c"
 Parameters:    Size  Location     Type
  interruptHan    2    0[COMMON] PTR FTN()void 
		 -> EUSART1_DefaultFramingErrorHandler(1), 
 Auto vars:     Size  Location     Type
		None
 Return value:  Size  Location     Type
                  1    wreg      void 
 Registers used:
		wreg
 Tracked objects:
		On entry : 
		On exit  : 
		Unchanged: 
 Data sizes:     COMMON   BANK0   BANK1   BANK2   BANK3   BANK4   BANK5   BANK6   BANK7   BANK8   BANK9  BANK10  BANK11  BANK12
      Params:         2       0       0       0       0       0       0       0       0       0       0       0       0       0
      Locals:         0       0       0       0       0       0       0       0       0       0       0       0       0       0
      Temps:          0       0       0       0       0       0       0       0       0       0       0       0       0       0
      Totals:         2       0       0       0       0       0       0       0       0       0       0       0       0       0
Total ram usage:        2 bytes
 Hardware stack levels used:    1
 This function calls:
		Nothing
 This function is called by:
		_EUSART1_Initialize
 This function uses a non-reentrant model


 *************** function _EUSART1_SetErrorHandler *****************
 Defined at:
		line 174 in file "mcc_generated_files/eusart1.c"
 Parameters:    Size  Location     Type
  interruptHan    2    0[COMMON] PTR FTN()void 
		 -> EUSART1_DefaultErrorHandler(1), 
 Auto vars:     Size  Location     Type
		None
 Return value:  Size  Location     Type
                  1    wreg      void 
 Registers used:
		wreg
 Tracked objects:
		On entry : 
		On exit  : 
		Unchanged: 
 Data sizes:     COMMON   BANK0   BANK1   BANK2   BANK3   BANK4   BANK5   BANK6   BANK7   BANK8   BANK9  BANK10  BANK11  BANK12
      Params:         2       0       0       0       0       0       0       0       0       0       0       0       0       0
      Locals:         0       0       0       0       0       0       0       0       0       0       0       0       0       0
      Temps:          0       0       0       0       0       0       0       0       0       0       0       0       0       0
      Totals:         2       0       0       0       0       0       0       0       0       0       0       0       0       0
Total ram usage:        2 bytes
 Hardware stack levels used:    1
 This function calls:
		Nothing
 This function is called by:
		_EUSART1_Initialize
 This function uses a non-reentrant model


 *************** function _EUSART1_Read *****************
 Defined at:
		line 113 in file "mcc_generated_files/eusart1.c"
 Parameters:    Size  Location     Type
		None
 Auto vars:     Size  Location     Type
		None
 Return value:  Size  Location     Type
                  1    wreg      unsigned char 
 Registers used:
		wreg, status,2
 Tracked objects:
		On entry : 
		On exit  : 
		Unchanged: 
 Data sizes:     COMMON   BANK0   BANK1   BANK2   BANK3   BANK4   BANK5   BANK6   BANK7   BANK8   BANK9  BANK10  BANK11  BANK12
      Params:         0       0       0       0       0       0       0       0       0       0       0       0       0       0
      Locals:         0       0       0       0       0       0       0       0       0       0       0       0       0       0
      Temps:          0       0       0       0       0       0       0       0       0       0       0       0       0       0
      Totals:         0       0       0       0       0       0       0       0       0       0       0       0       0       0
Total ram usage:        0 bytes
 Hardware stack levels used:    1
 This function calls:
		Nothing
 This function is called by:
		_main
		_getch
 This function uses a non-reentrant model



MODULE INFORMATION

Module		Function		Class		Link	Load	Size
C:\Program Files\Microchip\xc8\v2.31\pic\sources\c99\common\isdigit.c
		_isdigit       		CODE           	0E5D	0000	24

C:\Program Files\Microchip\xc8\v2.31\pic\sources\c99\common\isdigit.c estimated size: 24

mcc_generated_files/eusart2.c
		_EUSART2_SetOverrunErrorHandler		CODE           	0DE6	0000	6
		_EUSART2_SetErrorHandler		CODE           	0DDA	0000	6
		_EUSART2_Initialize		CODE           	0F42	0000	34
		_EUSART2_SetFramingErrorHandler		CODE           	0DE0	0000	6

mcc_generated_files/eusart2.c estimated size: 52

C:\Program Files\Microchip\xc8\v2.31\pic\sources\c99\common\nf_fputs.c
		_fputs         		CODE           	0F8F	0000	43

C:\Program Files\Microchip\xc8\v2.31\pic\sources\c99\common\nf_fputs.c estimated size: 43

C:\Program Files\Microchip\xc8\v2.31\pic\sources\c99\common\printf.c
		_printf        		CODE           	0E30	0000	21

C:\Program Files\Microchip\xc8\v2.31\pic\sources\c99\common\printf.c estimated size: 21

C:\Program Files\Microchip\xc8\v2.31\pic\sources\c99\common\aomod.c
		___aomod       		CODE           	02FA	0000	234

C:\Program Files\Microchip\xc8\v2.31\pic\sources\c99\common\aomod.c estimated size: 234

C:\Program Files\Microchip\xc8\v2.31\pic\sources\c99\common\atoi.c
		_atoi          		CODE           	0168	0000	175

C:\Program Files\Microchip\xc8\v2.31\pic\sources\c99\common\atoi.c estimated size: 175

C:\Program Files\Microchip\xc8\v2.31\pic\sources\c99\common\abs.c
		_abs           		CODE           	0EA7	0000	26

C:\Program Files\Microchip\xc8\v2.31\pic\sources\c99\common\abs.c estimated size: 26

C:\Program Files\Microchip\xc8\v2.31\pic\sources\c99\common\strlen.c
		_strlen        		CODE           	0E75	0000	25

C:\Program Files\Microchip\xc8\v2.31\pic\sources\c99\common\strlen.c estimated size: 25

mcc_generated_files/pin_manager.c
		_PIN_MANAGER_Initialize		CODE           	0F64	0000	43

mcc_generated_files/pin_manager.c estimated size: 43

C:\Program Files\Microchip\xc8\v2.31\pic\sources\c99\common\puts.c
		_puts          		CODE           	0EE0	0000	31

C:\Program Files\Microchip\xc8\v2.31\pic\sources\c99\common\puts.c estimated size: 31

C:\Program Files\Microchip\xc8\v2.31\pic\sources\c99\common\strchr.c
		_strchr        		CODE           	0E8E	0000	25

C:\Program Files\Microchip\xc8\v2.31\pic\sources\c99\common\strchr.c estimated size: 25

C:\Program Files\Microchip\xc8\v2.31\pic\sources\c99\common\aodiv.c
		___aodiv       		CODE           	03E4	0000	257

C:\Program Files\Microchip\xc8\v2.31\pic\sources\c99\common\aodiv.c estimated size: 257

C:\Program Files\Microchip\xc8\v2.31\pic\sources\c99\common\nf_fputc.c
		_fputc         		CODE           	0FBA	0000	70

C:\Program Files\Microchip\xc8\v2.31\pic\sources\c99\common\nf_fputc.c estimated size: 70

shared
		__initialization		CODE           	07D5	0000	40

shared estimated size: 40

mcc_generated_files/eusart1.c
		_EUSART1_Initialize		CODE           	0F20	0000	34
		_putch         		CODE           	0DEC	0000	6
		_EUSART1_SetFramingErrorHandler		CODE           	0DCE	0000	6
		_EUSART1_Read  		CODE           	0E20	0000	16
		_EUSART1_SetOverrunErrorHandler		CODE           	0DD4	0000	6
		_EUSART1_SetErrorHandler		CODE           	0DC8	0000	6
		_EUSART1_Write 		CODE           	0E16	0000	10

mcc_generated_files/eusart1.c estimated size: 84

mcc_generated_files/mcc.c
		_PMD_Initialize		CODE           	0E04	0000	8
		_OSCILLATOR_Initialize		CODE           	0E0C	0000	10
		_SYSTEM_Initialize		CODE           	0004	0000	16

mcc_generated_files/mcc.c estimated size: 34

C:\Program Files\Microchip\xc8\v2.31\pic\sources\c99\common\doprnt.c
		_vfpfcnvrt     		CODE           	0653	0000	386
		_pad           		CODE           	0095	0000	95
		_ctoa          		CODE           	00F4	0000	116
		_dtoa          		CODE           	04E5	0000	366
		_vfprintf      		CODE           	0014	0000	49

C:\Program Files\Microchip\xc8\v2.31\pic\sources\c99\common\doprnt.c estimated size: 1012

C:\Program Files\Microchip\xc8\v2.31\pic\sources\c99\common\isspace.c
		_isspace       		CODE           	0EFF	0000	33

C:\Program Files\Microchip\xc8\v2.31\pic\sources\c99\common\isspace.c estimated size: 33

C:\Program Files\Microchip\xc8\v2.31\pic\sources\c99\common\Umul16.c
		___wmul        		CODE           	0EC1	0000	31

C:\Program Files\Microchip\xc8\v2.31\pic\sources\c99\common\Umul16.c estimated size: 31

main.c
		_main          		CODE           	0217	0000	227
		_parsing       		CODE           	0E45	0000	24

main.c estimated size: 251

